// Jest Snapshot v1, https://goo.gl/fbAQLP

exports[`getTemplate 함수 일일 보고서 템플릿 반환 1`] = `
{
  "content": "
    <div>안녕하십니까, 10기 구미 실습코치 정슬호입니다.</div>
    <br>
    <div>02월 06일(화) 일일 프로젝트 진행 보고서 첨부파일로 송부 드립니다.</div>
    <br>
    <b>특이사항</b>
    <br>
    <div>- 해당 사항 없음.</div>
    <br>
    <div>감사합니다.</div>
    <div>정슬호 드림.</div>
  ",
  "title": "[SSAFY] 02월 06일(화) 구미 1반 실습코치 정슬호 일일 보고서 송부",
}
`;
